A:ip1
B:ip2
C:invalid user
C:invalid user
D:invalid user
A:ip2
B:ip3
A:ip3
D:invalid user
C:invalid user
